Traceback (most recent call last):
  File "/home/dominick/workspace/untitled-steam-game/src/engine/game.py", line 6, in <module>
    import pygame
ModuleNotFoundError: No module named 'pygame'
